// Jest Snapshot v1, https://goo.gl/fbAQLP

exports[`<Banner /> should render Banner correctly 1`] = `
<div
  className=""
>
  <div
    className="h-14 bg-green-300 shadow rounded-md text-center"
  >
    <p
      className="text-lg font-bold p-2"
    >
      ðŸŽ‰ Congratulations! You've completed adding 5 nominations! ðŸŽ‰
    </p>
    <ForwardRef
      numberOfPieces={200}
    />
  </div>
</div>
`;
